
> video-redesign@0.1.0 build
> next build

   鈻?Next.js 15.5.19
   - Environments: .env

   Creating an optimized production build ...
