
 RUN  v4.1.8 C:/Users/gerrard/Desktop/宸ヤ綔瀹ゅ紑鍙?video-redesign


 Test Files  1 passed (1)
      Tests  13 passed (13)
   Start at  17:21:29
   Duration  3.14s (transform 385ms, setup 0ms, import 2.17s, tests 763ms, environment 0ms)

